---
source: tui/src/debug_config.rs
assertion_line: 667
expression: render_to_text(&render_agents_config_lines(&config))
---

[agents]:
  - enabled = false
  - max_concurrent_threads_per_session = 7
  - max_depth = -2 (V1 only; ignored by V2)
  - default_subagent_model = gpt-5.6-terra
  - default_subagent_reasoning_effort = high
  - interrupt_message = false
