---
source: core/src/context/world_state/apps_instructions_tests.rs
expression: "render_section_cases(&[(Absent, Absent), (Absent, Known(&unavailable)),\n(Absent, Known(&available)), (Known(&unavailable), Known(&available)),\n(Known(&available), Known(&available)),\n(Known(&available), Known(&unavailable)), (Unknown, Known(&unavailable)),\n(Unknown, Known(&available)),])"
---
Absent -> Absent
None

Absent -> false
None

Absent -> true (role - developer)
<apps_instructions>
## Apps (Connectors)
Apps (Connectors) can be explicitly triggered in user messages in the format `[$app-name](app://{connector_id})`. Apps can also be implicitly triggered as long as the context suggests usage of available apps.
An app is equivalent to a set of MCP tools within the `codex_apps` MCP.
An installed app's MCP tools are either provided to you already, or can be lazy-loaded through the `tool_search` tool. If `tool_search` is available, the apps that are searchable by `tools_search` will be listed by it.
Do not additionally call list_mcp_resources or list_mcp_resource_templates for apps.
</apps_instructions>

false -> true (role - developer)
<apps_instructions>
## Apps (Connectors)
Apps (Connectors) can be explicitly triggered in user messages in the format `[$app-name](app://{connector_id})`. Apps can also be implicitly triggered as long as the context suggests usage of available apps.
An app is equivalent to a set of MCP tools within the `codex_apps` MCP.
An installed app's MCP tools are either provided to you already, or can be lazy-loaded through the `tool_search` tool. If `tool_search` is available, the apps that are searchable by `tools_search` will be listed by it.
Do not additionally call list_mcp_resources or list_mcp_resource_templates for apps.
</apps_instructions>

true -> true
None

true -> false
None

Unknown -> false
None

Unknown -> true
None
