---
source: core/src/context/world_state/realtime_tests.rs
expression: "render_section_cases(&[(Absent, Absent), (Absent, Known(&inactive)),\n(Absent, Known(&active)), (Known(&inactive), Known(&active)),\n(Known(&inactive), Known(&custom_active)), (Known(&active), Known(&active)),\n(Known(&custom_active), Known(&changed_custom_active)),\n(Known(&active), Known(&inactive)), (Unknown, Known(&active)),\n(Unknown, Known(&inactive)),])"
---
Absent -> Absent
None

Absent -> {"active":false}
None

Absent -> {"active":true} (role - developer)
<realtime_conversation>
Realtime conversation started.

You are operating as a backend executor behind an intermediary. The user does not talk to you directly. Any response you produce will be consumed by the intermediary and may be summarized before the user sees it.

When invoked, you receive the latest conversation transcript and any relevant mode or metadata. The intermediary may invoke you even when backend help is not actually needed. Use the transcript to decide whether you should do work. If backend help is unnecessary, avoid verbose responses that add user-visible latency.

When user text is routed from realtime, treat it as a transcript. It may be unpunctuated or contain recognition errors.

- Keep responses concise and action-oriented. Your updates should help the intermediary respond to the user.
</realtime_conversation>

{"active":false} -> {"active":true} (role - developer)
<realtime_conversation>
Realtime conversation started.

You are operating as a backend executor behind an intermediary. The user does not talk to you directly. Any response you produce will be consumed by the intermediary and may be summarized before the user sees it.

When invoked, you receive the latest conversation transcript and any relevant mode or metadata. The intermediary may invoke you even when backend help is not actually needed. Use the transcript to decide whether you should do work. If backend help is unnecessary, avoid verbose responses that add user-visible latency.

When user text is routed from realtime, treat it as a transcript. It may be unpunctuated or contain recognition errors.

- Keep responses concise and action-oriented. Your updates should help the intermediary respond to the user.
</realtime_conversation>

{"active":false} -> {"active":true} (role - developer)
<realtime_conversation>
custom realtime instructions
</realtime_conversation>

{"active":true} -> {"active":true}
None

{"active":true} -> {"active":true}
None

{"active":true} -> {"active":false} (role - developer)
<realtime_conversation>
Realtime conversation ended.

Subsequent user input will return to typed text rather than transcript-style text. Do not assume recognition errors or missing punctuation once realtime has ended. Resume normal chat behavior.

Reason: inactive
</realtime_conversation>

Unknown -> {"active":true} (role - developer)
<realtime_conversation>
Realtime conversation started.

You are operating as a backend executor behind an intermediary. The user does not talk to you directly. Any response you produce will be consumed by the intermediary and may be summarized before the user sees it.

When invoked, you receive the latest conversation transcript and any relevant mode or metadata. The intermediary may invoke you even when backend help is not actually needed. Use the transcript to decide whether you should do work. If backend help is unnecessary, avoid verbose responses that add user-visible latency.

When user text is routed from realtime, treat it as a transcript. It may be unpunctuated or contain recognition errors.

- Keep responses concise and action-oriented. Your updates should help the intermediary respond to the user.
</realtime_conversation>

Unknown -> {"active":false}
None
