---
source: tui/src/chatwidget/tests/composer_submission.rs
expression: "format!(\"history:\\n{interrupted_history}\\ncomposer:\\n{}\",\nchat.bottom_pane.composer_text())"
---
history:

› revise this prompt


■ Conversation interrupted - tell the model what to do differently. Something went wrong? Hit `/feedback` to report the issue.

composer:
