---
source: tui/src/bottom_pane/chat_composer.rs
expression: terminal.backend()
---
"                                                                                                    "
"› $1p                                                                                               "
"                                                                                                    "
"                                                                                                    "
"                                                                                                    "
"                                                                                                    "
"  1password  [Skill] Example skill used in tests.                                                   "
"                                                                                                    "
"  Press enter to insert or esc to close                                                             "
