---
source: tui/src/bottom_pane/chat_composer.rs
expression: terminal.backend()
---
"                                                                                                    "
"› @left  @bound                                                                                     "
"                                                                                                    "
"> left  Plugin used to test bound mention fallback.                                           Plugin"
"                                                                                                    "
"                                                                                                    "
"                                                                                                    "
"                                                                                                    "
"  enter insert · esc close · ←/→ switch search modes     [All Results]   Filesystem Only    Plugins "
