---
source: tui/src/bottom_pane/chat_composer.rs
expression: terminal.backend()
---
"                                                                                                    "
"› $bound-skill$unbound-skill                                                                        "
"                                                                                                    "
"                                                                                                    "
"                                                                                                    "
"                                                                                                    "
"  unbound-skill  [Skill] Example skill used in tests.                                               "
"                                                                                                    "
"  Press enter to insert or esc to close                                                             "
