---
source: tui/src/bottom_pane/effort_ignition_tests.rs
expression: "frames.join(\"\\n\")"
---
wave     MAX      0ms │                                            │  > keep my draft exactly as typed          │                                            │............................................│............................................│............................................│
wave     MAX    180ms │                                            │  > keep my draft exactly as typed          │                                            │............................................│............................................│............................................│
wave     MAX    420ms │                                            │  > keep my draft exactly as typed          │                                            │...################.........................│...################.........................│...################.........................│
wave     MAX    720ms │                                            │  > keep my draft exactly as typed          │                                            │............................................│............................................│............................................│
wave     MAX   1100ms │                                            │  > keep my draft exactly as typed          │                                            │............................................│............................................│............................................│
wave     MAX   1580ms │                                            │  > keep my draft exactly as typed          │                                            │............................................│............................................│............................................│
wave     MAX   2050ms │                                            │  > keep my draft exactly as typed          │                                            │............................................│............................................│............................................│
wave     ULTRA    0ms │                                            │  > keep my draft exactly as typed          │                                            │............................................│............................................│............................................│
wave     ULTRA  180ms │                                            │  > keep my draft exactly as typed          │                                            │............................................│............................................│............................................│
wave     ULTRA  420ms │                                            │  > keep my draft exactly as typed          │                                            │.......################.....................│.......################.....................│.......################.....................│
wave     ULTRA  720ms │                                            │  > keep my draft exactly as typed          │                                            │.....................................#######│.....................................#######│.....................................#######│
wave     ULTRA 1100ms │                                          ✧ │  > keep my draft exactly as typed          │                                            │............................................│............................................│............................................│
wave     ULTRA 1580ms │                                            │  > keep my draft exactly as typed          │                                            │............................................│............................................│............................................│
wave     ULTRA 2050ms │                                            │  > keep my draft exactly as typed          │                                            │............................................│............................................│............................................│
aurora   MAX      0ms │                                            │  > keep my draft exactly as typed          │                                            │............................................│............................................│............................................│
aurora   MAX    180ms │                                            │  > keep my draft exactly as typed          │                                            │.............#################.#############│.............#################.#############│.............#################.#############│
aurora   MAX    420ms │                                            │  > keep my draft exactly as typed          │                                            │.........................###################│.........................###################│.........................###################│
aurora   MAX    720ms │                                            │  > keep my draft exactly as typed          │                                            │........................####################│........................####################│........................####################│
aurora   MAX   1100ms │                                            │  > keep my draft exactly as typed          │                                            │...........########################.........│...........########################.........│...........########################.........│
aurora   MAX   1580ms │                                            │  > keep my draft exactly as typed          │                                            │............................................│............................................│............................................│
aurora   MAX   2050ms │                                            │  > keep my draft exactly as typed          │                                            │............................................│............................................│............................................│
aurora   ULTRA    0ms │                                            │  > keep my draft exactly as typed          │                                            │............................................│............................................│............................................│
aurora   ULTRA  180ms │                                            │  > keep my draft exactly as typed          │                                            │.............###############################│.............###############################│.............###############################│
aurora   ULTRA  420ms │                                            │  > keep my draft exactly as typed          │                                            │################.........###################│################.........###################│################.........###################│
aurora   ULTRA  720ms │                                            │  > keep my draft exactly as typed          │                                            │....################....####################│....################....####################│....################....####################│
aurora   ULTRA 1100ms │                                            │  > keep my draft exactly as typed          │                                            │...........#################################│...........#################################│...........#################################│
aurora   ULTRA 1580ms │                                            │  > keep my draft exactly as typed          │                                            │..##########................................│..##########................................│..##########................................│
aurora   ULTRA 2050ms │                                            │  > keep my draft exactly as typed          │                                            │............................................│............................................│............................................│
pulse    MAX      0ms │                                            │  > keep my draft exactly as typed          │                                            │............................................│............................................│............................................│
pulse    MAX    180ms │                                            │  > keep my draft exactly as typed          │                                            │........########.............########.......│........########.............########.......│........########.............########.......│
pulse    MAX    420ms │                                            │  > keep my draft exactly as typed          │                                            │............................................│............................................│............................................│
pulse    MAX    720ms │                                            │  > keep my draft exactly as typed          │                                            │............................................│............................................│............................................│
pulse    MAX   1100ms │                                            │  > keep my draft exactly as typed          │                                            │............................................│............................................│............................................│
pulse    MAX   1580ms │                                            │  > keep my draft exactly as typed          │                                            │............................................│............................................│............................................│
pulse    MAX   2050ms │                                            │  > keep my draft exactly as typed          │                                            │............................................│............................................│............................................│
pulse    ULTRA    0ms │                                            │  > keep my draft exactly as typed          │                                            │............................................│............................................│............................................│
pulse    ULTRA  180ms │                                            │  > keep my draft exactly as typed          │                                            │.......########...............########......│.......########...............########......│.......########...............########......│
pulse    ULTRA  420ms │                                            │  > keep my draft exactly as typed          │                                            │............................................│............................................│............................................│
pulse    ULTRA  720ms │                                            │  > keep my draft exactly as typed          │                                            │............................................│............................................│............................................│
pulse    ULTRA 1100ms │                                            │  > keep my draft exactly as typed          │                                            │............................................│............................................│............................................│
pulse    ULTRA 1580ms │                                            │  > keep my draft exactly as typed          │                                            │............................................│............................................│............................................│
pulse    ULTRA 2050ms │                                            │  > keep my draft exactly as typed          │                                            │............................................│............................................│............................................│
